Microchip MPLAB XC8 Compiler V1.35 ()

Linker command line:

--edf=C:\Program Files (x86)\Microchip\xc8\v1.35\dat\en_msgs.txt -cs \
  -h+dist/default/production\telecomando.X.production.sym \
  --cmf=dist/default/production\telecomando.X.production.cmf -z -Q18F4480 \
  -oC:\Users\Massimo\AppData\Local\Temp\s2s0.2 \
  -Mdist/default/production/telecomando.X.production.map -E1 -ver=XC8 \
  --acfsm=1493 -ASTACK=0125h-02ffh -pstack=STACK -ACODE=00h-03FFFh \
  -ACONST=00h-03FFFh -ASMALLCONST=0300h-03FFhx61 -AMEDIUMCONST=0300h-03FFFh \
  -ACOMRAM=01h-05Fh -AABS1=00h-02FFh -ABIGRAM=01h-02FFh \
  -ARAM=060h-0FFh,0100h-01FFhx2 -ABANK0=060h-0FFh -ABANK1=0100h-01FFh \
  -ABANK2=0200h-02FFh -ASFR=0D00h-0DFFhx2,0F00h-0F5Fh,0F60h-0FFFh \
  -preset_vec=00h,intcode=08h,intcodelo=018h,powerup,init,end_init \
  -pramtop=0300h -psmallconst=SMALLCONST -pmediumconst=MEDIUMCONST \
  -pconst=CONST -AFARRAM=00h-00h -ACONFIG=0300000h-030000Dh -pconfig=CONFIG \
  -AIDLOC=0200000h-0200007h -pidloc=IDLOC -AEEDATA=0F00000h-0F000FFh \
  -peeprom_data=EEDATA \
  -prdata=COMRAM,nvrram=COMRAM,nvbit=COMRAM,rbss=COMRAM,rbit=COMRAM \
  -pfarbss=FARRAM,fardata=FARRAM,nvFARRAM=FARRAM \
  -pintsave_regs=BIGRAM,bigbss=BIGRAM,bigdata=BIGRAM -pbss=RAM \
  -pidata=CODE,irdata=CODE,ibigdata=CODE,ifardata=CODE -prparam=COMRAM \
  C:\Users\Massimo\AppData\Local\Temp\s2s0.obj \
  dist/default/production\telecomando.X.production.obj 

Object code version is 3.11

Machine type is 18F4480

Call graph: (short form)




                Name                               Link     Load   Length Selector   Space Scale
C:\Users\Massimo\AppData\Local\Temp\s2s0.obj
                end_init                             C0       C0        4        C       0
                reset_vec                             0        0        4        0       0
                idloc                            200000   200000        8   200000       0
                config                           300000   300000        E   300000       0
dist/default/production\telecomando.X.production.obj
                intcodelo                            18       18       A8        C       0
                intcode                               8        8        E        4       0
                temp                                 47       47        1        1       1
                smallconst                          300      300       EC      180       0
                text42                             31FA     31FA       1E      1F6       0
                text41                             311C     311C       2C      1F6       0
                intcode_body                       29B2     29B2       DE      1F6       0
                text38                             2F38     2F38       48      1F6       0
                text37                             3194     3194       26      1F6       0
                text36                             3060     3060       32      1F6       0
                text35                             31BA     31BA       22      1F6       0
                text34                             2FC6     2FC6       36      1F6       0
                text33                             302E     302E       32      1F6       0
                text32                             28C6     28C6       EC      1F6       0
                text31                             2CA4     2CA4       96      1F6       0
                text30                             30F0     30F0       2C      1F6       0
                text29                             316E     316E       26      1F6       0
                text28                             2E9E     2E9E       52      1F6       0
                text27                             2548     2548      15C      1F6       0
                text26                             30C2     30C2       2E      1F6       0
                text25                              C48      C48      4A8      1F6       0
                text24                             2EF0     2EF0       48      1F6       0
                text23                             27BA     27BA      10C      1F6       0
                text22                             2B4E     2B4E       B0      1F6       0
                text21                             2D3A     2D3A       94      1F6       0
                text20                             1F1C     1F1C      1CE      1F6       0
                text19                             23EA     23EA      15E      1F6       0
                text18                             20EA     20EA      192      1F6       0
                text17                             2A90     2A90       BE      1F6       0
                text16                             2DCE     2DCE       70      1F6       0
                text15                             10F0     10F0      4A6      1F6       0
                text14                             1A30     1A30      2B6      1F6       0
                text13                             31DC     31DC       1E      1F6       0
                text12                             1596     1596      49A      1F6       0
                text11                              3EC      3EC      85C      1F6       0
                text10                             26A4     26A4      116      1F6       0
                text9                              3218     3218       12      1F6       0
                text8                              3148     3148       26      1F6       0
                text7                              3092     3092       30      1F6       0
                text6                              322A     322A        E      1F6       0
                text5                              2FFC     2FFC       32      1F6       0
                text4                              3238     3238        8      1F6       0
                text3                              227C     227C      16E      1F6       0
                text2                              2E3E     2E3E       60      1F6       0
                text1                              2BFE     2BFE       A6      1F6       0
                text0                              1CE6     1CE6      236      1F6       0
                cstackCOMRAM                         24       24       1F        1       1
                cstackBANK0                          60       60       72       60       1
                cstackBANK1                         100      100       19      100       1
                bssBANK1                            119      119        C      100       1
                bssBANK0                             D2       D2       1E       60       1
                dataCOMRAM                           46       46        1        1       1
                bssCOMRAM                             1        1       23        1       1
                bitbssCOMRAM                        228       45        2        1       1     8
                cinit                              2F80     2F80       46      1F6       0
                nvCOMRAM                             43       43        2        1       1
                idataCOMRAM                        3240     3240        1      1F6       0

TOTAL           Name                               Link     Load   Length     Space
        CLASS   STACK          

        CLASS   CODE           
                end_init                             C0       C0        4         0
                intcodelo                            18       18       A8         0
                intcode                               8        8        E         0
                reset_vec                             0        0        4         0
                text42                             31FA     31FA       1E         0
                text41                             311C     311C       2C         0
                intcode_body                       29B2     29B2       DE         0
                text38                             2F38     2F38       48         0
                text37                             3194     3194       26         0
                text36                             3060     3060       32         0
                text35                             31BA     31BA       22         0
                text34                             2FC6     2FC6       36         0
                text33                             302E     302E       32         0
                text32                             28C6     28C6       EC         0
                text31                             2CA4     2CA4       96         0
                text30                             30F0     30F0       2C         0
                text29                             316E     316E       26         0
                text28                             2E9E     2E9E       52         0
                text27                             2548     2548      15C         0
                text26                             30C2     30C2       2E         0
                text25                              C48      C48      4A8         0
                text24                             2EF0     2EF0       48         0
                text23                             27BA     27BA      10C         0
                text22                             2B4E     2B4E       B0         0
                text21                             2D3A     2D3A       94         0
                text20                             1F1C     1F1C      1CE         0
                text19                             23EA     23EA      15E         0
                text18                             20EA     20EA      192         0
                text17                             2A90     2A90       BE         0
                text16                             2DCE     2DCE       70         0
                text15                             10F0     10F0      4A6         0
                text14                             1A30     1A30      2B6         0
                text13                             31DC     31DC       1E         0
                text12                             1596     1596      49A         0
                text11                              3EC      3EC      85C         0
                text10                             26A4     26A4      116         0
                text9                              3218     3218       12         0
                text8                              3148     3148       26         0
                text7                              3092     3092       30         0
                text6                              322A     322A        E         0
                text5                              2FFC     2FFC       32         0
                text4                              3238     3238        8         0
                text3                              227C     227C      16E         0
                text2                              2E3E     2E3E       60         0
                text1                              2BFE     2BFE       A6         0
                text0                              1CE6     1CE6      236         0
                cinit                              2F80     2F80       46         0
                idataCOMRAM                        3240     3240        1         0

        CLASS   CONST          

        CLASS   SMALLCONST     
                smallconst                          300      300       EC         0

        CLASS   MEDIUMCONST    

        CLASS   COMRAM         
                temp                                 47       47        1         1
                cstackCOMRAM                         24       24       1F         1
                dataCOMRAM                           46       46        1         1
                bssCOMRAM                             1        1       23         1
                bitbssCOMRAM                        228       45        2         1
                nvCOMRAM                             43       43        2         1

        CLASS   ABS1           

        CLASS   BIGRAM         

        CLASS   RAM            

        CLASS   BANK0          
                cstackBANK0                          60       60       72         1
                bssBANK0                             D2       D2       1E         1

        CLASS   BANK1          
                cstackBANK1                         100      100       19         1
                bssBANK1                            119      119        C         1

        CLASS   BANK2          

        CLASS   SFR            

        CLASS   FARRAM         

        CLASS   CONFIG         
                config                           300000   300000        E         0

        CLASS   IDLOC          
                idloc                            200000   200000        8         0

        CLASS   EEDATA         



SEGMENTS        Name                           Load    Length   Top    Selector   Space  Class

                reset_vec                      000000  000004  000004         0       0  CODE    
                bssCOMRAM                      000001  000047  000048         1       1  COMRAM  
                intcode                        000008  00000E  000016         4       0  CODE    
                intcodelo                      000018  0000AC  0000C4         C       0  CODE    
                cstackBANK0                    000060  000090  0000F0        60       1  BANK0   
                cstackBANK1                    000100  000025  000125       100       1  BANK1   
                smallconst                     000300  0000EC  0003EC       180       0  SMALLCON
                text11                         0003EC  002E55  003241       1F6       0  CODE    
                idloc                          200000  000008  200008    200000       0  IDLOC   
                config                         300000  00000E  30000E    300000       0  CONFIG  


UNUSED ADDRESS RANGES

        Name                Unused          Largest block    Delta
        BANK0            0000F0-0000FF               10
        BANK1            000125-0001FF               DB
        BANK2            000200-0002FF              100
        BIGRAM           000048-00005F               18
                         0000F0-0000FF               10
                         000125-0002FF              1DB
        CODE             000004-000007                4
                         000016-000017                2
                         0000C4-0002FF              23C
                         003241-003FFF              DBF
        COMRAM           000048-00005F               18
        CONST            000004-000007                4
                         000016-000017                2
                         0000C4-0002FF              23C
                         003241-003FFF              DBF
        EEDATA           F00000-F000FF              100
        MEDIUMCONST      003241-003FFF              DBF
        RAM              0000F0-0000FF               10
                         000125-0002FF               DB
        SFR              000D00-000FFF              100
        SMALLCONST       003241-003FFF              100
        STACK            000125-0002FF              1DB

                                  Symbol Table

?___awdiv                       cstackBANK0  000070
?___awmod                       cstackCOMRAM 00003C
?___fladd                       cstackBANK0  0000A4
?___flmul                       cstackBANK0  00007E
?___flneg                       cstackCOMRAM 00003C
?___flsub                       cstackBANK0  0000B8
?___fltol                       cstackBANK0  0000A0
?___lldiv                       cstackBANK0  000070
?___llmod                       cstackBANK0  000070
?___lwdiv                       cstackCOMRAM 00003C
?___wmul                        cstackCOMRAM 00003C
?___xxtofl                      cstackBANK0  000070
?__div_to_l_                    cstackBANK0  000070
?__tdiv_to_l_                   cstackBANK0  000070
?_fround                        cstackBANK0  000097
?_scale                         cstackBANK0  000097
?_sprintf                       cstackBANK0  0000C0
LCD_backlight@active            cstackCOMRAM 00003C
LCD_cursor@active               cstackBANK0  000076
LCD_cursor@blinking             cstackBANK0  000075
LCD_goto_line@line              cstackBANK0  000075
LCD_initialize@quartz_frequency cstackBANK0  000077
LCD_send_command@D0             cstackBANK0  000074
LCD_send_command@D1             cstackBANK0  000073
LCD_send_command@D2             cstackBANK0  000072
LCD_send_command@D3             cstackCOMRAM 000042
LCD_write_char@D0               cstackBANK0  000078
LCD_write_char@D1               cstackBANK0  000077
LCD_write_char@D2               cstackBANK0  000076
LCD_write_char@D3               cstackBANK0  000075
LCD_write_char@value            cstackBANK0  000079
LCD_write_integer@F17027        bssBANK0     0000D2
LCD_write_message@buffer        cstackBANK0  00007A
LCD_write_string@buffer         cstackBANK0  00007A
OpenUSART@config                cstackCOMRAM 00003E
OpenUSART@spbrg                 cstackCOMRAM 00003C
ReadUSART@data                  cstackCOMRAM 000035
WriteUSART@data                 cstackCOMRAM 00003C
_ADCON0bits                     (abs)        000FC2
_ADCON1                         (abs)        000FC1
_ADCON2bits                     (abs)        000FC0
_ADRESH                         (abs)        000FC4
_Battery_Check                  bssCOMRAM    00000F
_ECU_Check                      bssCOMRAM    000010
_INTCONbits                     (abs)        000FF2
_IPR1bits                       (abs)        000F9F
_IPR2bits                       (abs)        000FA2
_ISR_alta                       intcode      000008
_ISR_alta$1132                  cstackCOMRAM 00003B
_ISR_bassa                      intcodelo    000018
_JoystickConstants              bssCOMRAM    00001A
_JoystickValues                 bssCOMRAM    000022
_Joystick_Polling               text38       002F38
_LATA                           (abs)        000F89
_LATAbits                       (abs)        000F89
_LATB                           (abs)        000F8A
_LATC                           (abs)        000F8B
_LATCbits                       (abs)        000F8B
_LATD                           (abs)        000F8C
_LATDbits                       (abs)        000F8C
_LATE                           (abs)        000F8D
_LCD_Handler                    text10       0026A4
_LCD_backlight                  text6        00322A
_LCD_clear                      text33       00302E
_LCD_cursor                     text5        002FFC
_LCD_enable_pulse               text35       0031BA
_LCD_goto_line                  text32       0028C6
_LCD_initialize                 text3        00227C
_LCD_send_command               text34       002FC6
_LCD_write_char                 text31       002CA4
_LCD_write_message              text30       0030F0
_LCD_write_string               text29       00316E
_OpenUSART                      text2        002E3E
_PIE1                           (abs)        000F9D
_PIE1bits                       (abs)        000F9D
_PIE2bits                       (abs)        000FA0
_PIR1bits                       (abs)        000F9E
_PIR2bits                       (abs)        000FA1
_PORTAbits                      (abs)        000F80
_RCONbits                       (abs)        000FD0
_RCREG                          (abs)        000FAE
_RCSTA                          (abs)        000FAB
_RCSTAbits                      (abs)        000FAB
_ReadUSART                      text42       0031FA
_SPBRG                          (abs)        000FAF
_SPBRGH                         (abs)        000FB0
_T3CON                          (abs)        000FB1
_TMR3H                          (abs)        000FB3
_TMR3L                          (abs)        000FB2
_TRISA                          (abs)        000F92
_TRISB                          (abs)        000F93
_TRISC                          (abs)        000F94
_TRISCbits                      (abs)        000F94
_TRISD                          (abs)        000F95
_TRISE                          (abs)        000F96
_TXREG                          (abs)        000FAD
_TXSTA                          (abs)        000FAC
_TXSTAbits                      (abs)        000FAC
_USART_Rx                       bssBANK0     0000E2
_USART_Send                     text7        003092
_USART_Status                   bssCOMRAM    000011
_USART_Tx                       bssBANK0     0000E9
_WriteUSART                     text9        003218
__CFG_BBSIZ$1024                (abs)        000000
__CFG_BOREN$BOHW                (abs)        000000
__CFG_BORV$3                    (abs)        000000
__CFG_CP0$OFF                   (abs)        000000
__CFG_CP1$OFF                   (abs)        000000
__CFG_CPB$OFF                   (abs)        000000
__CFG_CPD$OFF                   (abs)        000000
__CFG_EBTR0$OFF                 (abs)        000000
__CFG_EBTR1$OFF                 (abs)        000000
__CFG_EBTRB$OFF                 (abs)        000000
__CFG_FCMEN$OFF                 (abs)        000000
__CFG_IESO$OFF                  (abs)        000000
__CFG_LPT1OSC$OFF               (abs)        000000
__CFG_LVP$ON                    (abs)        000000
__CFG_MCLRE$ON                  (abs)        000000
__CFG_OSC$HS                    (abs)        000000
__CFG_PBADEN$ON                 (abs)        000000
__CFG_PWRT$OFF                  (abs)        000000
__CFG_STVREN$ON                 (abs)        000000
__CFG_WDT$OFF                   (abs)        000000
__CFG_WDTPS$32768               (abs)        000000
__CFG_WRT0$OFF                  (abs)        000000
__CFG_WRT1$OFF                  (abs)        000000
__CFG_WRTB$OFF                  (abs)        000000
__CFG_WRTC$OFF                  (abs)        000000
__CFG_WRTD$OFF                  (abs)        000000
__CFG_XINST$OFF                 (abs)        000000
__HRAM                          (abs)        000000
__Habs1                         abs1         000000
__Hbank0                        bank0        000000
__Hbank1                        bank1        000000
__Hbank2                        bank2        000000
__Hbigbss                       bigbss       000000
__Hbigdata                      bigdata      000000
__Hbigram                       bigram       000000
__HbitbssCOMRAM                 bitbssCOMRAM 000000
__Hbss                          bss          000000
__HbssBANK0                     bssBANK0     000000
__HbssBANK1                     bssBANK1     000000
__HbssCOMRAM                    bssCOMRAM    000000
__Hcinit                        cinit        000000
__Hclrtext                      clrtext      000000
__Hcomram                       comram       000000
__Hconfig                       config       30000E
__Hconst                        const        000000
__HcstackBANK0                  cstackBANK0  000000
__HcstackBANK1                  cstackBANK1  000000
__HcstackCOMRAM                 cstackCOMRAM 000000
__Hdata                         data         000000
__HdataCOMRAM                   dataCOMRAM   000000
__Heeprom_data                  eeprom_data  000000
__Hend_init                     end_init     0000C4
__Hfarbss                       farbss       000000
__Hfardata                      fardata      000000
__Hibigdata                     ibigdata     000000
__Hidata                        idata        000000
__HidataCOMRAM                  idataCOMRAM  000000
__Hidloc                        idloc        200008
__Hifardata                     ifardata     000000
__Hinit                         init         0000C0
__Hintcode                      intcode      000016
__Hintcode_body                 intcode_body 000000
__Hintcodelo                    intcodelo    0000C0
__Hintentry                     intentry     000000
__Hintret                       intret       000000
__Hintsave_regs                 intsave_regs 000000
__Hirdata                       irdata       000000
__Hmediumconst                  mediumconst  000000
__HnvCOMRAM                     nvCOMRAM     000000
__HnvFARRAM                     nvFARRAM     000000
__Hnvbit                        nvbit        000000
__Hnvrram                       nvrram       000000
__Hparam                        rparam       000000
__Hpowerup                      powerup      0000C0
__Hram                          ram          000000
__Hramtop                       ramtop       000300
__Hrbit                         rbit         000000
__Hrbss                         rbss         000000
__Hrdata                        rdata        000000
__Hreset_vec                    reset_vec    000004
__Hrparam                       rparam       000000
__Hsfr                          sfr          000000
__Hsmallconst                   smallconst   0003EC
__Hspace_0                      (abs)        30000E
__Hspace_1                      (abs)        00022A
__Hspace_2                      (abs)        000000
__Hstack                        stack        000000
__Hstruct                       struct       000000
__Htemp                         temp         000048
__Htext                         text         000000
__Htext0                        text0        000000
__Htext1                        text1        000000
__Htext10                       text10       000000
__Htext11                       text11       000000
__Htext12                       text12       000000
__Htext13                       text13       000000
__Htext14                       text14       000000
__Htext15                       text15       000000
__Htext16                       text16       000000
__Htext17                       text17       000000
__Htext18                       text18       000000
__Htext19                       text19       000000
__Htext2                        text2        000000
__Htext20                       text20       000000
__Htext21                       text21       000000
__Htext22                       text22       000000
__Htext23                       text23       000000
__Htext24                       text24       000000
__Htext25                       text25       000000
__Htext26                       text26       000000
__Htext27                       text27       000000
__Htext28                       text28       000000
__Htext29                       text29       000000
__Htext3                        text3        000000
__Htext30                       text30       000000
__Htext31                       text31       000000
__Htext32                       text32       000000
__Htext33                       text33       000000
__Htext34                       text34       000000
__Htext35                       text35       000000
__Htext36                       text36       000000
__Htext37                       text37       000000
__Htext38                       text38       000000
__Htext4                        text4        000000
__Htext41                       text41       000000
__Htext42                       text42       000000
__Htext5                        text5        000000
__Htext6                        text6        000000
__Htext7                        text7        000000
__Htext8                        text8        000000
__Htext9                        text9        000000
__LRAM                          (abs)        000001
__Labs1                         abs1         000000
__Lbank0                        bank0        000000
__Lbank1                        bank1        000000
__Lbank2                        bank2        000000
__Lbigbss                       bigbss       000000
__Lbigdata                      bigdata      000000
__Lbigram                       bigram       000000
__LbitbssCOMRAM                 bitbssCOMRAM 000000
__Lbss                          bss          000000
__LbssBANK0                     bssBANK0     000000
__LbssBANK1                     bssBANK1     000000
__LbssCOMRAM                    bssCOMRAM    000000
__Lcinit                        cinit        000000
__Lclrtext                      clrtext      000000
__Lcomram                       comram       000000
__Lconfig                       config       300000
__Lconst                        const        000000
__LcstackBANK0                  cstackBANK0  000000
__LcstackBANK1                  cstackBANK1  000000
__LcstackCOMRAM                 cstackCOMRAM 000000
__Ldata                         data         000000
__LdataCOMRAM                   dataCOMRAM   000000
__Leeprom_data                  eeprom_data  000000
__Lend_init                     end_init     0000C0
__Lfarbss                       farbss       000000
__Lfardata                      fardata      000000
__Libigdata                     ibigdata     000000
__Lidata                        idata        000000
__LidataCOMRAM                  idataCOMRAM  000000
__Lidloc                        idloc        200000
__Lifardata                     ifardata     000000
__Linit                         init         0000C0
__Lintcode                      intcode      000008
__Lintcode_body                 intcode_body 000000
__Lintcodelo                    intcodelo    000018
__Lintentry                     intentry     000000
__Lintret                       intret       000000
__Lintsave_regs                 intsave_regs 000000
__Lirdata                       irdata       000000
__Lmediumconst                  mediumconst  000000
__LnvCOMRAM                     nvCOMRAM     000000
__LnvFARRAM                     nvFARRAM     000000
__Lnvbit                        nvbit        000000
__Lnvrram                       nvrram       000000
__Lparam                        rparam       000000
__Lpowerup                      powerup      0000C0
__Lram                          ram          000000
__Lramtop                       ramtop       000300
__Lrbit                         rbit         000000
__Lrbss                         rbss         000000
__Lrdata                        rdata        000000
__Lreset_vec                    reset_vec    000000
__Lrparam                       rparam       000000
__Lsfr                          sfr          000000
__Lsmallconst                   smallconst   000300
__Lspace_0                      (abs)        000000
__Lspace_1                      (abs)        000000
__Lspace_2                      (abs)        000000
__Lstack                        stack        000000
__Lstruct                       struct       000000
__Ltemp                         temp         000047
__Ltext                         text         000000
__Ltext0                        text0        000000
__Ltext1                        text1        000000
__Ltext10                       text10       000000
__Ltext11                       text11       000000
__Ltext12                       text12       000000
__Ltext13                       text13       000000
__Ltext14                       text14       000000
__Ltext15                       text15       000000
__Ltext16                       text16       000000
__Ltext17                       text17       000000
__Ltext18                       text18       000000
__Ltext19                       text19       000000
__Ltext2                        text2        000000
__Ltext20                       text20       000000
__Ltext21                       text21       000000
__Ltext22                       text22       000000
__Ltext23                       text23       000000
__Ltext24                       text24       000000
__Ltext25                       text25       000000
__Ltext26                       text26       000000
__Ltext27                       text27       000000
__Ltext28                       text28       000000
__Ltext29                       text29       000000
__Ltext3                        text3        000000
__Ltext30                       text30       000000
__Ltext31                       text31       000000
__Ltext32                       text32       000000
__Ltext33                       text33       000000
__Ltext34                       text34       000000
__Ltext35                       text35       000000
__Ltext36                       text36       000000
__Ltext37                       text37       000000
__Ltext38                       text38       000000
__Ltext4                        text4        000000
__Ltext41                       text41       000000
__Ltext42                       text42       000000
__Ltext5                        text5        000000
__Ltext6                        text6        000000
__Ltext7                        text7        000000
__Ltext8                        text8        000000
__Ltext9                        text9        000000
__S0                            (abs)        30000E
__S1                            (abs)        000125
__S2                            (abs)        000000
___awdiv                        text17       002A90
___awdiv@counter                cstackBANK0  000074
___awdiv@dividend               cstackBANK0  000070
___awdiv@divisor                cstackBANK0  000072
___awdiv@quotient               cstackBANK0  000076
___awdiv@sign                   cstackBANK0  000075
___awmod                        text16       002DCE
___awmod@counter                cstackCOMRAM 000040
___awmod@dividend               cstackCOMRAM 00003C
___awmod@divisor                cstackCOMRAM 00003E
___awmod@sign                   cstackCOMRAM 000041
___fladd                        text25       000C48
___fladd@a                      cstackBANK0  0000A8
___fladd@aexp                   cstackBANK0  0000B5
___fladd@b                      cstackBANK0  0000A4
___fladd@bexp                   cstackBANK0  0000B6
___fladd@grs                    cstackBANK0  0000B7
___fladd@signs                  cstackBANK0  0000B4
___flge                         text27       002548
___flge@ff1                     cstackBANK0  000070
___flge@ff2                     cstackBANK0  000074
___flmul                        text15       0010F0
___flmul@a                      cstackBANK0  000082
___flmul@aexp                   cstackBANK0  00008B
___flmul@b                      cstackBANK0  00007E
___flmul@bexp                   cstackBANK0  000090
___flmul@grs                    cstackBANK0  00008C
___flmul@prod                   cstackBANK0  000091
___flmul@sign                   cstackBANK0  00008A
___flmul@temp                   cstackBANK0  000095
___flneg                        text26       0030C2
___flneg@f1                     cstackCOMRAM 00003C
___flsub                        text24       002EF0
___flsub@a                      cstackBANK0  0000BC
___flsub@b                      cstackBANK0  0000B8
___fltol                        text23       0027BA
___fltol@exp1                   cstackBANK0  0000A9
___fltol@f1                     cstackBANK0  0000A0
___fltol@sign1                  cstackBANK0  0000A8
___inthi_sp                     stack        000000
___intlo_sp                     stack        000000
___lldiv                        text22       002B4E
___lldiv@counter                cstackCOMRAM 000040
___lldiv@dividend               cstackBANK0  000070
___lldiv@divisor                cstackBANK0  000074
___lldiv@quotient               cstackCOMRAM 00003C
___llmod                        text21       002D3A
___llmod@counter                cstackCOMRAM 00003C
___llmod@dividend               cstackBANK0  000070
___llmod@divisor                cstackBANK0  000074
___lwdiv                        text28       002E9E
___lwdiv@counter                cstackCOMRAM 000042
___lwdiv@dividend               cstackCOMRAM 00003C
___lwdiv@divisor                cstackCOMRAM 00003E
___lwdiv@quotient               cstackCOMRAM 000040
___param_bank                   (abs)        000010
___rparam_used                  (abs)        000001
___sp                           stack        000000
___wmul                         text37       003194
___wmul@multiplicand            cstackCOMRAM 00003E
___wmul@multiplier              cstackCOMRAM 00003C
___wmul@product                 cstackCOMRAM 000040
___xxtofl                       text20       001F1C
___xxtofl@arg                   cstackBANK0  00007A
___xxtofl@exp                   cstackBANK0  000079
___xxtofl@sign                  cstackBANK0  000078
___xxtofl@val                   cstackBANK0  000070
__accesstop                     (abs)        000060
__activetblptr                  (abs)        000002
__div_to_l_                     text19       0023EA
__div_to_l_@cntr                cstackCOMRAM 000040
__div_to_l_@exp1                cstackCOMRAM 000041
__div_to_l_@f1                  cstackBANK0  000070
__div_to_l_@f2                  cstackBANK0  000074
__div_to_l_@quot                cstackCOMRAM 00003C
__end_of_ISR_alta               intcode_body 002A90
__end_of_ISR_bassa              intcodelo    0000C0
__end_of_Joystick_Polling       text38       002F80
__end_of_LCD_Handler            text10       0027BA
__end_of_LCD_backlight          text6        003238
__end_of_LCD_clear              text33       003060
__end_of_LCD_cursor             text5        00302E
__end_of_LCD_enable_pulse       text35       0031DC
__end_of_LCD_goto_line          text32       0029B2
__end_of_LCD_initialize         text3        0023EA
__end_of_LCD_send_command       text34       002FFC
__end_of_LCD_write_char         text31       002D3A
__end_of_LCD_write_message      text30       00311C
__end_of_LCD_write_string       text29       003194
__end_of_OpenUSART              text2        002E9E
__end_of_ReadUSART              text42       003218
__end_of_USART_Send             text7        0030C2
__end_of_WriteUSART             text9        00322A
__end_of___awdiv                text17       002B4E
__end_of___awmod                text16       002E3E
__end_of___fladd                text25       0010F0
__end_of___flge                 text27       0026A4
__end_of___flmul                text15       001596
__end_of___flneg                text26       0030F0
__end_of___flsub                text24       002F38
__end_of___fltol                text23       0028C6
__end_of___lldiv                text22       002BFE
__end_of___llmod                text21       002DCE
__end_of___lwdiv                text28       002EF0
__end_of___wmul                 text37       0031BA
__end_of___xxtofl               text20       0020EA
__end_of__div_to_l_             text19       002548
__end_of__initialization        cinit        002FB8
__end_of__npowers_              smallconst   000335
__end_of__powers_               smallconst   000369
__end_of__tdiv_to_l_            text18       00227C
__end_of_board_initialization   text1        002CA4
__end_of_delay_ms               text36       003092
__end_of_delay_set_quartz       text4        003240
__end_of_dpowers                smallconst   000391
__end_of_fround                 text14       001CE6
__end_of_getsUSART              text41       003148
__end_of_isdigit                text13       0031FA
__end_of_main                   text0        001F1C
__end_of_putsUSART              text8        00316E
__end_of_scale                  text12       001A30
__end_of_sprintf                text11       000C48
__initialization                cinit        002F80
__mediumconst                   mediumconst  000000
__npowers_                      smallconst   000301
__pbitbssCOMRAM                 bitbssCOMRAM 000228
__pbssBANK0                     bssBANK0     0000D2
__pbssBANK1                     bssBANK1     000119
__pbssCOMRAM                    bssCOMRAM    000001
__pcinit                        cinit        002F80
__pcstackBANK0                  cstackBANK0  000060
__pcstackBANK1                  cstackBANK1  000100
__pcstackCOMRAM                 cstackCOMRAM 000024
__pdataCOMRAM                   dataCOMRAM   000046
__pidataCOMRAM                  idataCOMRAM  003240
__pintcode                      intcode      000008
__pintcode_body                 intcode_body 0029B2
__pintcodelo                    intcodelo    000018
__pnvCOMRAM                     nvCOMRAM     000043
__powers_                       smallconst   000335
__psmallconst                   smallconst   000300
__ptext0                        text0        001CE6
__ptext1                        text1        002BFE
__ptext10                       text10       0026A4
__ptext11                       text11       0003EC
__ptext12                       text12       001596
__ptext13                       text13       0031DC
__ptext14                       text14       001A30
__ptext15                       text15       0010F0
__ptext16                       text16       002DCE
__ptext17                       text17       002A90
__ptext18                       text18       0020EA
__ptext19                       text19       0023EA
__ptext2                        text2        002E3E
__ptext20                       text20       001F1C
__ptext21                       text21       002D3A
__ptext22                       text22       002B4E
__ptext23                       text23       0027BA
__ptext24                       text24       002EF0
__ptext25                       text25       000C48
__ptext26                       text26       0030C2
__ptext27                       text27       002548
__ptext28                       text28       002E9E
__ptext29                       text29       00316E
__ptext3                        text3        00227C
__ptext30                       text30       0030F0
__ptext31                       text31       002CA4
__ptext32                       text32       0028C6
__ptext33                       text33       00302E
__ptext34                       text34       002FC6
__ptext35                       text35       0031BA
__ptext36                       text36       003060
__ptext37                       text37       003194
__ptext38                       text38       002F38
__ptext4                        text4        003238
__ptext41                       text41       00311C
__ptext42                       text42       0031FA
__ptext5                        text5        002FFC
__ptext6                        text6        00322A
__ptext7                        text7        003092
__ptext8                        text8        003148
__ptext9                        text9        003218
__ramtop                        ramtop       000300
__size_of_ISR_alta              (abs)        000000
__size_of_ISR_bassa             (abs)        000000
__size_of_Joystick_Polling      (abs)        000000
__size_of_LCD_Handler           (abs)        000000
__size_of_LCD_backlight         (abs)        000000
__size_of_LCD_clear             (abs)        000000
__size_of_LCD_cursor            (abs)        000000
__size_of_LCD_enable_pulse      (abs)        000000
__size_of_LCD_goto_line         (abs)        000000
__size_of_LCD_initialize        (abs)        000000
__size_of_LCD_send_command      (abs)        000000
__size_of_LCD_write_char        (abs)        000000
__size_of_LCD_write_message     (abs)        000000
__size_of_LCD_write_string      (abs)        000000
__size_of_OpenUSART             (abs)        000000
__size_of_ReadUSART             (abs)        000000
__size_of_USART_Send            (abs)        000000
__size_of_WriteUSART            (abs)        000000
__size_of___awdiv               (abs)        000000
__size_of___awmod               (abs)        000000
__size_of___fladd               (abs)        000000
__size_of___flge                (abs)        000000
__size_of___flmul               (abs)        000000
__size_of___flneg               (abs)        000000
__size_of___flsub               (abs)        000000
__size_of___fltol               (abs)        000000
__size_of___lldiv               (abs)        000000
__size_of___llmod               (abs)        000000
__size_of___lwdiv               (abs)        000000
__size_of___wmul                (abs)        000000
__size_of___xxtofl              (abs)        000000
__size_of__div_to_l_            (abs)        000000
__size_of__tdiv_to_l_           (abs)        000000
__size_of_board_initialization  (abs)        000000
__size_of_delay_ms              (abs)        000000
__size_of_delay_set_quartz      (abs)        000000
__size_of_fround                (abs)        000000
__size_of_getsUSART             (abs)        000000
__size_of_isdigit               (abs)        000000
__size_of_main                  (abs)        000000
__size_of_putsUSART             (abs)        000000
__size_of_scale                 (abs)        000000
__size_of_sprintf               (abs)        000000
__smallconst                    smallconst   000300
__tdiv_to_l_                    text18       0020EA
__tdiv_to_l_@cntr               cstackBANK0  00007C
__tdiv_to_l_@exp1               cstackBANK0  00007D
__tdiv_to_l_@f1                 cstackBANK0  000070
__tdiv_to_l_@f2                 cstackBANK0  000074
__tdiv_to_l_@quot               cstackBANK0  000078
_actual_dir                     bitbssCOMRAM 000228
_actual_speed                   bssBANK0     0000E0
_actual_speed_kmh               bssBANK0     0000D8
_actual_speed_pk0               bssCOMRAM    000012
_actual_speed_pk1               bssCOMRAM    000013
_analogic_brake                 bssCOMRAM    000014
_board_initialization           text1        002BFE
_clock_counter_reference        nvCOMRAM     000043
_delay_ms                       text36       003060
_delay_quartz_frequency_value   dataCOMRAM   000046
_delay_set_quartz               text4        003238
_dir                            bitbssCOMRAM 000229
_dpowers                        smallconst   000369
_fround                         text14       001A30
_fround$2308                    cstackBANK0  00009F
_fround$2309                    cstackBANK0  00009B
_getsUSART                      text41       00311C
_i                              bssCOMRAM    000015
_isdigit                        text13       0031DC
_isdigit$1916                   cstackCOMRAM 00003D
_main                           text0        001CE6
_pr_time_1                      bssBANK0     0000DC
_pr_time_2                      bssCOMRAM    000001
_pr_time_3                      bssCOMRAM    000005
_putsUSART                      text8        003148
_scale                          text12       001596
_scale$2310                     cstackBANK0  00009B
_set_speed                      bssCOMRAM    00000D
_set_speed_pk0                  bssCOMRAM    000016
_set_speed_pk1                  bssCOMRAM    000017
_set_steering                   bssCOMRAM    000018
_sprintf                        text11       0003EC
_sprintf$2311                   cstackBANK1  000100
_str                            bssBANK1     000119
_switch_position                bssCOMRAM    000019
_time_counter                   bssCOMRAM    000009
btemp                           temp         000047
delay_ms@value_ms               cstackBANK0  000070
delay_set_quartz@frequency      cstackCOMRAM 00003C
end_of_initialization           cinit        002FB8
fround@prec                     cstackBANK0  0000A3
getsUSART@buffer                cstackCOMRAM 000036
getsUSART@data                  cstackCOMRAM 000039
getsUSART@i                     cstackCOMRAM 00003A
getsUSART@len                   cstackCOMRAM 000038
int$flags                       temp         000047
int_func                        intcode_body 0029B2
intlevel0                       text         000000
intlevel1                       text         000000
intlevel2                       text         000000
intlevel3                       text         000000
isdigit@c                       cstackCOMRAM 00003E
putsUSART@data                  cstackCOMRAM 00003D
scale@scl                       cstackBANK0  00009F
sprintf@ap                      cstackBANK1  000104
sprintf@c                       cstackBANK1  000118
sprintf@exp                     cstackBANK1  00010C
sprintf@f                       cstackBANK0  0000C2
sprintf@flag                    cstackBANK1  000106
sprintf@fval                    cstackBANK1  000114
sprintf@prec                    cstackBANK1  000112
sprintf@sp                      cstackBANK0  0000C0
sprintf@tmpval                  cstackBANK1  00010E
sprintf@val                     cstackBANK1  000108
stackhi                         (abs)        0002FF
stacklo                         (abs)        000125
start                           init         0000C0
start_initialization            cinit        002F80


FUNCTION INFORMATION:

 *************** function _main *****************
 Defined at:
		line 118 in file "telecomando.c"
 Parameters:    Size  Location     Type
		None
 Auto vars:     Size  Location     Type
		None
 Return value:  Size  Location     Type
		None               void
 Registers used:
		wreg, fsr2l, fsr2h, status,2, status,0, tblptrl, tblptrh, tblptru, prodl, prodh, cstack
 Tracked objects:
		On entry : 
		On exit  : 
		Unchanged: 
 Data sizes:     COMRAM   BANK0   BANK1   BANK2
      Params:         0       0       0       0
      Locals:         0       0       0       0
      Temps:          0       8       0       0
      Totals:         0       8       0       0
Total ram usage:        8 bytes
 Hardware stack levels required when called:   11
 This function calls:
		_Joystick_Polling
		_LCD_Handler
		_USART_Send
		___flmul
		___fltol
		___xxtofl
		_board_initialization
 This function is called by:
		Startup code after reset
 This function uses a non-reentrant model


 *************** function _board_initialization *****************
 Defined at:
		line 250 in file "telecomando.c"
 Parameters:    Size  Location     Type
		None
 Auto vars:     Size  Location     Type
		None
 Return value:  Size  Location     Type
		None               void
 Registers used:
		wreg, status,2, status,0, tblptrl, tblptrh, tblptru, prodl, prodh, cstack
 Tracked objects:
		On entry : 
		On exit  : 
		Unchanged: 
 Data sizes:     COMRAM   BANK0   BANK1   BANK2
      Params:         0       0       0       0
      Locals:         0       0       0       0
      Temps:          0       0       0       0
      Totals:         0       0       0       0
Total ram usage:        0 bytes
 Hardware stack levels used:    1
 Hardware stack levels required when called:   10
 This function calls:
		_LCD_backlight
		_LCD_clear
		_LCD_initialize
		_LCD_write_message
		_OpenUSART
		_delay_ms
 This function is called by:
		_main
 This function uses a non-reentrant model


 *************** function _OpenUSART *****************
 Defined at:
		line 73 in file "C:\Program Files (x86)\Microchip\xc8\v1.35\sources\pic18\plib\USART\uopen.c"
 Parameters:    Size  Location     Type
  config          1    wreg     unsigned char 
  spbrg           2   24[COMRAM] unsigned int 
 Auto vars:     Size  Location     Type
  config          1   26[COMRAM] unsigned char 
 Return value:  Size  Location     Type
		None               void
 Registers used:
		wreg, status,2
 Tracked objects:
		On entry : 
		On exit  : 
		Unchanged: 
 Data sizes:     COMRAM   BANK0   BANK1   BANK2
      Params:         2       0       0       0
      Locals:         1       0       0       0
      Temps:          0       0       0       0
      Totals:         3       0       0       0
Total ram usage:        3 bytes
 Hardware stack levels used:    1
 Hardware stack levels required when called:    4
 This function calls:
		Nothing
 This function is called by:
		_board_initialization
 This function uses a non-reentrant model


 *************** function _LCD_initialize *****************
 Defined at:
		line 283 in file "../LaurTec_PIC_libraries_v_3.3.0/src\LCD_44780.c"
 Parameters:    Size  Location     Type
  quartz_frequ    1    wreg     unsigned char 
 Auto vars:     Size  Location     Type
  quartz_frequ    1   23[BANK0 ] unsigned char 
 Return value:  Size  Location     Type
		None               void
 Registers used:
		wreg, status,2, status,0, prodl, prodh, cstack
 Tracked objects:
		On entry : 
		On exit  : 
		Unchanged: 
 Data sizes:     COMRAM   BANK0   BANK1   BANK2
      Params:         0       0       0       0
      Locals:         0       1       0       0
      Temps:          0       0       0       0
      Totals:         0       1       0       0
Total ram usage:        1 bytes
 Hardware stack levels used:    1
 Hardware stack levels required when called:    9
 This function calls:
		_LCD_clear
		_LCD_cursor
		_LCD_send_command
		_delay_ms
		_delay_set_quartz
 This function is called by:
		_board_initialization
 This function uses a non-reentrant model


 *************** function _delay_set_quartz *****************
 Defined at:
		line 115 in file "../LaurTec_PIC_libraries_v_3.3.0/src\delay.c"
 Parameters:    Size  Location     Type
  frequency       1    wreg     unsigned char 
 Auto vars:     Size  Location     Type
  frequency       1   24[COMRAM] unsigned char 
 Return value:  Size  Location     Type
		None               void
 Registers used:
		wreg
 Tracked objects:
		On entry : 
		On exit  : 
		Unchanged: 
 Data sizes:     COMRAM   BANK0   BANK1   BANK2
      Params:         0       0       0       0
      Locals:         1       0       0       0
      Temps:          0       0       0       0
      Totals:         1       0       0       0
Total ram usage:        1 bytes
 Hardware stack levels used:    1
 Hardware stack levels required when called:    4
 This function calls:
		Nothing
 This function is called by:
		_LCD_initialize
 This function uses a non-reentrant model


 *************** function _LCD_cursor *****************
 Defined at:
		line 266 in file "../LaurTec_PIC_libraries_v_3.3.0/src\LCD_44780.c"
 Parameters:    Size  Location     Type
  active          1    wreg     unsigned char 
  blinking        1   21[BANK0 ] unsigned char 
 Auto vars:     Size  Location     Type
  active          1   22[BANK0 ] unsigned char 
 Return value:  Size  Location     Type
		None               void
 Registers used:
		wreg, status,2, status,0, prodl, prodh, cstack
 Tracked objects:
		On entry : 
		On exit  : 
		Unchanged: 
 Data sizes:     COMRAM   BANK0   BANK1   BANK2
      Params:         0       1       0       0
      Locals:         0       1       0       0
      Temps:          0       0       0       0
      Totals:         0       2       0       0
Total ram usage:        2 bytes
 Hardware stack levels used:    1
 Hardware stack levels required when called:    8
 This function calls:
		_LCD_send_command
 This function is called by:
		_LCD_initialize
 This function uses a non-reentrant model


 *************** function _LCD_backlight *****************
 Defined at:
		line 275 in file "../LaurTec_PIC_libraries_v_3.3.0/src\LCD_44780.c"
 Parameters:    Size  Location     Type
  active          1    wreg     unsigned char 
 Auto vars:     Size  Location     Type
  active          1   24[COMRAM] unsigned char 
 Return value:  Size  Location     Type
		None               void
 Registers used:
		wreg
 Tracked objects:
		On entry : 
		On exit  : 
		Unchanged: 
 Data sizes:     COMRAM   BANK0   BANK1   BANK2
      Params:         0       0       0       0
      Locals:         1       0       0       0
      Temps:          0       0       0       0
      Totals:         1       0       0       0
Total ram usage:        1 bytes
 Hardware stack levels used:    1
 Hardware stack levels required when called:    4
 This function calls:
		Nothing
 This function is called by:
		_board_initialization
 This function uses a non-reentrant model


 *************** function _USART_Send *****************
 Defined at:
		line 205 in file "telecomando.c"
 Parameters:    Size  Location     Type
		None
 Auto vars:     Size  Location     Type
		None
 Return value:  Size  Location     Type
		None               void
 Registers used:
		wreg, fsr2l, fsr2h, status,2, status,0, cstack
 Tracked objects:
		On entry : 
		On exit  : 
		Unchanged: 
 Data sizes:     COMRAM   BANK0   BANK1   BANK2
      Params:         0       0       0       0
      Locals:         0       0       0       0
      Temps:          0       0       0       0
      Totals:         0       0       0       0
Total ram usage:        0 bytes
 Hardware stack levels used:    1
 Hardware stack levels required when called:    6
 This function calls:
		_putsUSART
 This function is called by:
		_main
 This function uses a non-reentrant model


 *************** function _putsUSART *****************
 Defined at:
		line 14 in file "C:\Program Files (x86)\Microchip\xc8\v1.35\sources\pic18\plib\USART\uputs.c"
 Parameters:    Size  Location     Type
  data            2   25[COMRAM] PTR unsigned char 
		 -> USART_Tx(7), 
 Auto vars:     Size  Location     Type
		None
 Return value:  Size  Location     Type
		None               void
 Registers used:
		wreg, fsr2l, fsr2h, status,2, status,0, cstack
 Tracked objects:
		On entry : 
		On exit  : 
		Unchanged: 
 Data sizes:     COMRAM   BANK0   BANK1   BANK2
      Params:         2       0       0       0
      Locals:         0       0       0       0
      Temps:          0       0       0       0
      Totals:         2       0       0       0
Total ram usage:        2 bytes
 Hardware stack levels used:    1
 Hardware stack levels required when called:    5
 This function calls:
		_WriteUSART
 This function is called by:
		_USART_Send
 This function uses a non-reentrant model


 *************** function _WriteUSART *****************
 Defined at:
		line 13 in file "C:\Program Files (x86)\Microchip\xc8\v1.35\sources\pic18\plib\USART\uwrite.c"
 Parameters:    Size  Location     Type
  data            1    wreg     unsigned char 
 Auto vars:     Size  Location     Type
  data            1   24[COMRAM] unsigned char 
 Return value:  Size  Location     Type
		None               void
 Registers used:
		wreg
 Tracked objects:
		On entry : 
		On exit  : 
		Unchanged: 
 Data sizes:     COMRAM   BANK0   BANK1   BANK2
      Params:         0       0       0       0
      Locals:         1       0       0       0
      Temps:          0       0       0       0
      Totals:         1       0       0       0
Total ram usage:        1 bytes
 Hardware stack levels used:    1
 Hardware stack levels required when called:    4
 This function calls:
		Nothing
 This function is called by:
		_putsUSART
 This function uses a non-reentrant model


 *************** function _LCD_Handler *****************
 Defined at:
		line 221 in file "telecomando.c"
 Parameters:    Size  Location     Type
		None
 Auto vars:     Size  Location     Type
		None
 Return value:  Size  Location     Type
		None               void
 Registers used:
		wreg, fsr2l, fsr2h, status,2, status,0, tblptrl, tblptrh, tblptru, prodl, prodh, cstack
 Tracked objects:
		On entry : 
		On exit  : 
		Unchanged: 
 Data sizes:     COMRAM   BANK0   BANK1   BANK2
      Params:         0       0       0       0
      Locals:         0       0       0       0
      Temps:          0       0       0       0
      Totals:         0       0       0       0
Total ram usage:        0 bytes
 Hardware stack levels used:    1
 Hardware stack levels required when called:   10
 This function calls:
		_LCD_clear
		_LCD_goto_line
		_LCD_write_message
		_LCD_write_string
		___lwdiv
		___xxtofl
		_sprintf
 This function is called by:
		_main
 This function uses a non-reentrant model


 *************** function _sprintf *****************
 Defined at:
		line 492 in file "C:\Program Files (x86)\Microchip\xc8\v1.35\sources\common\doprnt.c"
 Parameters:    Size  Location     Type
  sp              2   96[BANK0 ] PTR unsigned char 
		 -> str(12), 
  f               2   98[BANK0 ] PTR const unsigned char 
		 -> STR_6(12), 
 Auto vars:     Size  Location     Type
  fval            4   20[BANK1 ] PTR const unsigned char 
  tmpval          4   14[BANK1 ] struct .
  val             4    8[BANK1 ] unsigned long 
  cp              3    0        PTR const unsigned char 
  prec            2   18[BANK1 ] int 
  exp             2   12[BANK1 ] int 
  flag            2    6[BANK1 ] unsigned short 
  ap              2    4[BANK1 ] PTR void [1]
		 -> ?_sprintf(2), 
  len             2    0        unsigned int 
  width           2    0        int 
  c               1   24[BANK1 ] char 
  d               1    0        unsigned char 
 Return value:  Size  Location     Type
                  2   96[BANK0 ] int 
 Registers used:
		wreg, fsr2l, fsr2h, status,2, status,0, tblptrl, tblptrh, tblptru, prodl, prodh, cstack
 Tracked objects:
		On entry : 
		On exit  : 
		Unchanged: 
 Data sizes:     COMRAM   BANK0   BANK1   BANK2
      Params:         0       8       0       0
      Locals:         0       0      25       0
      Temps:          0       2       0       0
      Totals:         0      10      25       0
Total ram usage:       35 bytes
 Hardware stack levels used:    1
 Hardware stack levels required when called:    6
 This function calls:
		___awdiv
		___fladd
		___flge
		___flmul
		___flneg
		___flsub
		___fltol
		___lldiv
		___llmod
		___wmul
		___xxtofl
		__div_to_l_
		__tdiv_to_l_
		_fround
		_isdigit
		_scale
 This function is called by:
		_LCD_Handler
 This function uses a non-reentrant model


 *************** function _scale *****************
 Defined at:
		line 425 in file "C:\Program Files (x86)\Microchip\xc8\v1.35\sources\common\doprnt.c"
 Parameters:    Size  Location     Type
  scl             1    wreg     char 
 Auto vars:     Size  Location     Type
  scl             1   63[BANK0 ] char 
 Return value:  Size  Location     Type
                  4   55[BANK0 ] char 
 Registers used:
		wreg, status,2, status,0, tblptrl, tblptrh, tblptru, prodl, prodh, cstack
 Tracked objects:
		On entry : 
		On exit  : 
		Unchanged: 
 Data sizes:     COMRAM   BANK0   BANK1   BANK2
      Params:         0       4       0       0
      Locals:         0       5       0       0
      Temps:          0       0       0       0
      Totals:         0       9       0       0
Total ram usage:        9 bytes
 Hardware stack levels used:    1
 Hardware stack levels required when called:    5
 This function calls:
		___awdiv
		___awmod
		___flmul
 This function is called by:
		_sprintf
 This function uses a non-reentrant model


 *************** function _isdigit *****************
 Defined at:
		line 8 in file "C:\Program Files (x86)\Microchip\xc8\v1.35\sources\common\isdigit.c"
 Parameters:    Size  Location     Type
  c               1    wreg     unsigned char 
 Auto vars:     Size  Location     Type
  c               1   26[COMRAM] unsigned char 
 Return value:  Size  Location     Type
		None               void
 Registers used:
		wreg, status,2, status,0
 Tracked objects:
		On entry : 
		On exit  : 
		Unchanged: 
 Data sizes:     COMRAM   BANK0   BANK1   BANK2
      Params:         0       0       0       0
      Locals:         2       0       0       0
      Temps:          1       0       0       0
      Totals:         3       0       0       0
Total ram usage:        3 bytes
 Hardware stack levels used:    1
 Hardware stack levels required when called:    4
 This function calls:
		Nothing
 This function is called by:
		_sprintf
 This function uses a non-reentrant model


 *************** function _fround *****************
 Defined at:
		line 409 in file "C:\Program Files (x86)\Microchip\xc8\v1.35\sources\common\doprnt.c"
 Parameters:    Size  Location     Type
  prec            1    wreg     unsigned char 
 Auto vars:     Size  Location     Type
  prec            1   67[BANK0 ] unsigned char 
 Return value:  Size  Location     Type
                  4   55[BANK0 ] unsigned char 
 Registers used:
		wreg, status,2, status,0, tblptrl, tblptrh, tblptru, prodl, prodh, cstack
 Tracked objects:
		On entry : 
		On exit  : 
		Unchanged: 
 Data sizes:     COMRAM   BANK0   BANK1   BANK2
      Params:         0       4       0       0
      Locals:         0       9       0       0
      Temps:          0       0       0       0
      Totals:         0      13       0       0
Total ram usage:       13 bytes
 Hardware stack levels used:    1
 Hardware stack levels required when called:    5
 This function calls:
		___awdiv
		___awmod
		___flmul
 This function is called by:
		_sprintf
 This function uses a non-reentrant model


 *************** function ___flmul *****************
 Defined at:
		line 8 in file "C:\Program Files (x86)\Microchip\xc8\v1.35\sources\common\sprcmul.c"
 Parameters:    Size  Location     Type
  b               4   30[BANK0 ] unsigned char 
  a               4   34[BANK0 ] unsigned char 
 Auto vars:     Size  Location     Type
  prod            4   49[BANK0 ] struct .
  grs             4   44[BANK0 ] unsigned long 
  temp            2   53[BANK0 ] struct .
  bexp            1   48[BANK0 ] unsigned char 
  aexp            1   43[BANK0 ] unsigned char 
  sign            1   42[BANK0 ] unsigned char 
 Return value:  Size  Location     Type
                  4   30[BANK0 ] unsigned char 
 Registers used:
		wreg, status,2, status,0, prodl, prodh
 Tracked objects:
		On entry : 
		On exit  : 
		Unchanged: 
 Data sizes:     COMRAM   BANK0   BANK1   BANK2
      Params:         0       8       0       0
      Locals:         0      13       0       0
      Temps:          0       4       0       0
      Totals:         0      25       0       0
Total ram usage:       25 bytes
 Hardware stack levels used:    1
 Hardware stack levels required when called:    4
 This function calls:
		Nothing
 This function is called by:
		_main
		_fround
		_scale
		_sprintf
 This function uses a non-reentrant model


 *************** function ___awmod *****************
 Defined at:
		line 8 in file "C:\Program Files (x86)\Microchip\xc8\v1.35\sources\common\awmod.c"
 Parameters:    Size  Location     Type
  dividend        2   24[COMRAM] int 
  divisor         2   26[COMRAM] int 
 Auto vars:     Size  Location     Type
  sign            1   29[COMRAM] unsigned char 
  counter         1   28[COMRAM] unsigned char 
 Return value:  Size  Location     Type
                  2   24[COMRAM] int 
 Registers used:
		wreg, status,2, status,0
 Tracked objects:
		On entry : 
		On exit  : 
		Unchanged: 
 Data sizes:     COMRAM   BANK0   BANK1   BANK2
      Params:         4       0       0       0
      Locals:         2       0       0       0
      Temps:          0       0       0       0
      Totals:         6       0       0       0
Total ram usage:        6 bytes
 Hardware stack levels used:    1
 Hardware stack levels required when called:    4
 This function calls:
		Nothing
 This function is called by:
		_fround
		_scale
 This function uses a non-reentrant model


 *************** function ___awdiv *****************
 Defined at:
		line 8 in file "C:\Program Files (x86)\Microchip\xc8\v1.35\sources\common\awdiv.c"
 Parameters:    Size  Location     Type
  dividend        2   16[BANK0 ] int 
  divisor         2   18[BANK0 ] int 
 Auto vars:     Size  Location     Type
  quotient        2   22[BANK0 ] int 
  sign            1   21[BANK0 ] unsigned char 
  counter         1   20[BANK0 ] unsigned char 
 Return value:  Size  Location     Type
                  2   16[BANK0 ] int 
 Registers used:
		wreg, status,2, status,0
 Tracked objects:
		On entry : 
		On exit  : 
		Unchanged: 
 Data sizes:     COMRAM   BANK0   BANK1   BANK2
      Params:         0       4       0       0
      Locals:         0       4       0       0
      Temps:          0       0       0       0
      Totals:         0       8       0       0
Total ram usage:        8 bytes
 Hardware stack levels used:    1
 Hardware stack levels required when called:    4
 This function calls:
		Nothing
 This function is called by:
		_fround
		_scale
		_sprintf
 This function uses a non-reentrant model


 *************** function __tdiv_to_l_ *****************
 Defined at:
		line 60 in file "C:\Program Files (x86)\Microchip\xc8\v1.35\sources\common\ftdivl.c"
 Parameters:    Size  Location     Type
  f1              4   16[BANK0 ] float 
  f2              4   20[BANK0 ] float 
 Auto vars:     Size  Location     Type
  quot            4   24[BANK0 ] unsigned long 
  exp1            1   29[BANK0 ] unsigned char 
  cntr            1   28[BANK0 ] unsigned char 
 Return value:  Size  Location     Type
                  4   16[BANK0 ] unsigned long 
 Registers used:
		wreg, status,2, status,0
 Tracked objects:
		On entry : 
		On exit  : 
		Unchanged: 
 Data sizes:     COMRAM   BANK0   BANK1   BANK2
      Params:         0       8       0       0
      Locals:         0       6       0       0
      Temps:          3       0       0       0
      Totals:         3      14       0       0
Total ram usage:       17 bytes
 Hardware stack levels used:    1
 Hardware stack levels required when called:    4
 This function calls:
		Nothing
 This function is called by:
		_sprintf
 This function uses a non-reentrant model


 *************** function __div_to_l_ *****************
 Defined at:
		line 60 in file "C:\Program Files (x86)\Microchip\xc8\v1.35\sources\common\fldivl.c"
 Parameters:    Size  Location     Type
  f1              4   16[BANK0 ] unsigned long 
  f2              4   20[BANK0 ] unsigned long 
 Auto vars:     Size  Location     Type
  quot            4   24[COMRAM] unsigned long 
  exp1            1   29[COMRAM] unsigned char 
  cntr            1   28[COMRAM] unsigned char 
 Return value:  Size  Location     Type
                  4   16[BANK0 ] unsigned long 
 Registers used:
		wreg, status,2, status,0
 Tracked objects:
		On entry : 
		On exit  : 
		Unchanged: 
 Data sizes:     COMRAM   BANK0   BANK1   BANK2
      Params:         0       8       0       0
      Locals:         6       0       0       0
      Temps:          0       0       0       0
      Totals:         6       8       0       0
Total ram usage:       14 bytes
 Hardware stack levels used:    1
 Hardware stack levels required when called:    4
 This function calls:
		Nothing
 This function is called by:
		_sprintf
 This function uses a non-reentrant model


 *************** function ___xxtofl *****************
 Defined at:
		line 10 in file "C:\Program Files (x86)\Microchip\xc8\v1.35\sources\common\xxtofl.c"
 Parameters:    Size  Location     Type
  sign            1    wreg     unsigned char 
  val             4   16[BANK0 ] long 
 Auto vars:     Size  Location     Type
  sign            1   24[BANK0 ] unsigned char 
  arg             4   26[BANK0 ] unsigned long 
  exp             1   25[BANK0 ] unsigned char 
 Return value:  Size  Location     Type
                  4   16[BANK0 ] unsigned char 
 Registers used:
		wreg, status,2, status,0
 Tracked objects:
		On entry : 
		On exit  : 
		Unchanged: 
 Data sizes:     COMRAM   BANK0   BANK1   BANK2
      Params:         0       4       0       0
      Locals:         0       6       0       0
      Temps:          0       4       0       0
      Totals:         0      14       0       0
Total ram usage:       14 bytes
 Hardware stack levels used:    1
 Hardware stack levels required when called:    4
 This function calls:
		Nothing
 This function is called by:
		_main
		_LCD_Handler
		_sprintf
 This function uses a non-reentrant model


 *************** function ___llmod *****************
 Defined at:
		line 8 in file "C:\Program Files (x86)\Microchip\xc8\v1.35\sources\common\llmod.c"
 Parameters:    Size  Location     Type
  dividend        4   16[BANK0 ] unsigned long 
  divisor         4   20[BANK0 ] unsigned long 
 Auto vars:     Size  Location     Type
  counter         1   24[COMRAM] unsigned char 
 Return value:  Size  Location     Type
                  4   16[BANK0 ] unsigned long 
 Registers used:
		wreg, status,2, status,0
 Tracked objects:
		On entry : 
		On exit  : 
		Unchanged: 
 Data sizes:     COMRAM   BANK0   BANK1   BANK2
      Params:         0       8       0       0
      Locals:         1       0       0       0
      Temps:          0       0       0       0
      Totals:         1       8       0       0
Total ram usage:        9 bytes
 Hardware stack levels used:    1
 Hardware stack levels required when called:    4
 This function calls:
		Nothing
 This function is called by:
		_sprintf
 This function uses a non-reentrant model


 *************** function ___lldiv *****************
 Defined at:
		line 8 in file "C:\Program Files (x86)\Microchip\xc8\v1.35\sources\common\lldiv.c"
 Parameters:    Size  Location     Type
  dividend        4   16[BANK0 ] unsigned long 
  divisor         4   20[BANK0 ] unsigned long 
 Auto vars:     Size  Location     Type
  quotient        4   24[COMRAM] unsigned long 
  counter         1   28[COMRAM] unsigned char 
 Return value:  Size  Location     Type
                  4   16[BANK0 ] unsigned long 
 Registers used:
		wreg, status,2, status,0
 Tracked objects:
		On entry : 
		On exit  : 
		Unchanged: 
 Data sizes:     COMRAM   BANK0   BANK1   BANK2
      Params:         0       8       0       0
      Locals:         5       0       0       0
      Temps:          0       0       0       0
      Totals:         5       8       0       0
Total ram usage:       13 bytes
 Hardware stack levels used:    1
 Hardware stack levels required when called:    4
 This function calls:
		Nothing
 This function is called by:
		_sprintf
 This function uses a non-reentrant model


 *************** function ___fltol *****************
 Defined at:
		line 43 in file "C:\Program Files (x86)\Microchip\xc8\v1.35\sources\common\fltol.c"
 Parameters:    Size  Location     Type
  f1              4   64[BANK0 ] unsigned long 
 Auto vars:     Size  Location     Type
  exp1            1   73[BANK0 ] unsigned char 
  sign1           1   72[BANK0 ] unsigned char 
 Return value:  Size  Location     Type
                  4   64[BANK0 ] long 
 Registers used:
		wreg, status,2, status,0
 Tracked objects:
		On entry : 
		On exit  : 
		Unchanged: 
 Data sizes:     COMRAM   BANK0   BANK1   BANK2
      Params:         0       4       0       0
      Locals:         0       2       0       0
      Temps:          0       4       0       0
      Totals:         0      10       0       0
Total ram usage:       10 bytes
 Hardware stack levels used:    1
 Hardware stack levels required when called:    4
 This function calls:
		Nothing
 This function is called by:
		_main
		_sprintf
 This function uses a non-reentrant model


 *************** function ___flsub *****************
 Defined at:
		line 245 in file "C:\Program Files (x86)\Microchip\xc8\v1.35\sources\common\sprcadd.c"
 Parameters:    Size  Location     Type
  b               4   88[BANK0 ] long 
  a               4   92[BANK0 ] long 
 Auto vars:     Size  Location     Type
		None
 Return value:  Size  Location     Type
                  4   88[BANK0 ] long 
 Registers used:
		wreg, status,2, status,0, cstack
 Tracked objects:
		On entry : 
		On exit  : 
		Unchanged: 
 Data sizes:     COMRAM   BANK0   BANK1   BANK2
      Params:         0       8       0       0
      Locals:         0       0       0       0
      Temps:          0       0       0       0
      Totals:         0       8       0       0
Total ram usage:        8 bytes
 Hardware stack levels used:    1
 Hardware stack levels required when called:    5
 This function calls:
		___fladd
 This function is called by:
		_sprintf
 This function uses a non-reentrant model


 *************** function ___fladd *****************
 Defined at:
		line 10 in file "C:\Program Files (x86)\Microchip\xc8\v1.35\sources\common\sprcadd.c"
 Parameters:    Size  Location     Type
  b               4   68[BANK0 ] long 
  a               4   72[BANK0 ] long 
 Auto vars:     Size  Location     Type
  grs             1   87[BANK0 ] unsigned char 
  bexp            1   86[BANK0 ] unsigned char 
  aexp            1   85[BANK0 ] unsigned char 
  signs           1   84[BANK0 ] unsigned char 
 Return value:  Size  Location     Type
                  4   68[BANK0 ] unsigned char 
 Registers used:
		wreg, status,2, status,0
 Tracked objects:
		On entry : 
		On exit  : 
		Unchanged: 
 Data sizes:     COMRAM   BANK0   BANK1   BANK2
      Params:         0       8       0       0
      Locals:         0       4       0       0
      Temps:          0       8       0       0
      Totals:         0      20       0       0
Total ram usage:       20 bytes
 Hardware stack levels used:    1
 Hardware stack levels required when called:    4
 This function calls:
		Nothing
 This function is called by:
		_sprintf
		___flsub
 This function uses a non-reentrant model


 *************** function ___flneg *****************
 Defined at:
		line 15 in file "C:\Program Files (x86)\Microchip\xc8\v1.35\sources\common\flneg.c"
 Parameters:    Size  Location     Type
  f1              4   24[COMRAM] unsigned char 
 Auto vars:     Size  Location     Type
		None
 Return value:  Size  Location     Type
                  4   24[COMRAM] unsigned char 
 Registers used:
		wreg, status,2, status,0
 Tracked objects:
		On entry : 
		On exit  : 
		Unchanged: 
 Data sizes:     COMRAM   BANK0   BANK1   BANK2
      Params:         4       0       0       0
      Locals:         0       0       0       0
      Temps:          0       0       0       0
      Totals:         4       0       0       0
Total ram usage:        4 bytes
 Hardware stack levels used:    1
 Hardware stack levels required when called:    4
 This function calls:
		Nothing
 This function is called by:
		_sprintf
 This function uses a non-reentrant model


 *************** function ___flge *****************
 Defined at:
		line 4 in file "C:\Program Files (x86)\Microchip\xc8\v1.35\sources\common\flge.c"
 Parameters:    Size  Location     Type
  ff1             4   16[BANK0 ] unsigned char 
  ff2             4   20[BANK0 ] unsigned char 
 Auto vars:     Size  Location     Type
		None
 Return value:  Size  Location     Type
		None               void
 Registers used:
[...]
 Hardware stack levels used:    1
 Hardware stack levels required when called:    9
 This function calls:
		_LCD_write_char
 This function is called by:
		_LCD_Handler
		_LCD_write_integer
 This function uses a non-reentrant model


 *************** function _LCD_write_message *****************
 Defined at:
		line 178 in file "../LaurTec_PIC_libraries_v_3.3.0/src\LCD_44780.c"
 Parameters:    Size  Location     Type
  buffer          2   26[BANK0 ] PTR const unsigned char 
		 -> STR_9(8), STR_8(21), STR_7(5), STR_5(2), 
		 -> STR_4(5), STR_3(4), STR_2(12), STR_1(21), 
 Auto vars:     Size  Location     Type
		None
 Return value:  Size  Location     Type
		None               void
 Registers used:
		wreg, status,2, status,0, tblptrl, tblptrh, tblptru, prodl, prodh, cstack
 Tracked objects:
		On entry : 
		On exit  : 
		Unchanged: 
 Data sizes:     COMRAM   BANK0   BANK1   BANK2
      Params:         0       2       0       0
      Locals:         0       0       0       0
      Temps:          0       0       0       0
      Totals:         0       2       0       0
Total ram usage:        2 bytes
 Hardware stack levels used:    1
 Hardware stack levels required when called:    9
 This function calls:
		_LCD_write_char
 This function is called by:
		_LCD_Handler
		_board_initialization
 This function uses a non-reentrant model


 *************** function _LCD_write_char *****************
 Defined at:
		line 145 in file "../LaurTec_PIC_libraries_v_3.3.0/src\LCD_44780.c"
 Parameters:    Size  Location     Type
  value           1    wreg     unsigned char 
 Auto vars:     Size  Location     Type
  value           1   25[BANK0 ] unsigned char 
  D0              1   24[BANK0 ] unsigned char 
  D1              1   23[BANK0 ] unsigned char 
  D2              1   22[BANK0 ] unsigned char 
  D3              1   21[BANK0 ] unsigned char 
 Return value:  Size  Location     Type
		None               void
 Registers used:
		wreg, status,2, status,0, prodl, prodh, cstack
 Tracked objects:
		On entry : 
		On exit  : 
		Unchanged: 
 Data sizes:     COMRAM   BANK0   BANK1   BANK2
      Params:         0       0       0       0
      Locals:         0       5       0       0
      Temps:          0       0       0       0
      Totals:         0       5       0       0
Total ram usage:        5 bytes
 Hardware stack levels used:    1
 Hardware stack levels required when called:    8
 This function calls:
		_LCD_send_command
 This function is called by:
		_LCD_write_message
		_LCD_write_string
 This function uses a non-reentrant model


 *************** function _LCD_goto_line *****************
 Defined at:
		line 111 in file "../LaurTec_PIC_libraries_v_3.3.0/src\LCD_44780.c"
 Parameters:    Size  Location     Type
  line            1    wreg     unsigned char 
 Auto vars:     Size  Location     Type
  line            1   21[BANK0 ] unsigned char 
 Return value:  Size  Location     Type
		None               void
 Registers used:
		wreg, status,2, status,0, prodl, prodh, cstack
 Tracked objects:
		On entry : 
		On exit  : 
		Unchanged: 
 Data sizes:     COMRAM   BANK0   BANK1   BANK2
      Params:         0       0       0       0
      Locals:         0       1       0       0
      Temps:          0       0       0       0
      Totals:         0       1       0       0
Total ram usage:        1 bytes
 Hardware stack levels used:    1
 Hardware stack levels required when called:    8
 This function calls:
		_LCD_send_command
 This function is called by:
		_LCD_Handler
		_LCD_goto_xy
 This function uses a non-reentrant model


 *************** function _LCD_clear *****************
 Defined at:
		line 257 in file "../LaurTec_PIC_libraries_v_3.3.0/src\LCD_44780.c"
 Parameters:    Size  Location     Type
		None
 Auto vars:     Size  Location     Type
		None
 Return value:  Size  Location     Type
		None               void
 Registers used:
		wreg, status,2, status,0, prodl, prodh, cstack
 Tracked objects:
		On entry : 
		On exit  : 
		Unchanged: 
 Data sizes:     COMRAM   BANK0   BANK1   BANK2
      Params:         0       0       0       0
      Locals:         0       0       0       0
      Temps:          0       0       0       0
      Totals:         0       0       0       0
Total ram usage:        0 bytes
 Hardware stack levels used:    1
 Hardware stack levels required when called:    8
 This function calls:
		_LCD_send_command
 This function is called by:
		_LCD_initialize
		_LCD_Handler
		_board_initialization
 This function uses a non-reentrant model


 *************** function _LCD_send_command *****************
 Defined at:
		line 61 in file "../LaurTec_PIC_libraries_v_3.3.0/src\LCD_44780.c"
 Parameters:    Size  Location     Type
  D3              1    wreg     unsigned char 
  D2              1   18[BANK0 ] unsigned char 
  D1              1   19[BANK0 ] unsigned char 
  D0              1   20[BANK0 ] unsigned char 
 Auto vars:     Size  Location     Type
  D3              1   30[COMRAM] unsigned char 
 Return value:  Size  Location     Type
		None               void
 Registers used:
		wreg, status,2, status,0, prodl, prodh, cstack
 Tracked objects:
		On entry : 
		On exit  : 
		Unchanged: 
 Data sizes:     COMRAM   BANK0   BANK1   BANK2
      Params:         0       3       0       0
      Locals:         1       0       0       0
      Temps:          0       0       0       0
      Totals:         1       3       0       0
Total ram usage:        4 bytes
 Hardware stack levels used:    1
 Hardware stack levels required when called:    7
 This function calls:
		_LCD_enable_pulse
 This function is called by:
		_LCD_goto_line
		_LCD_write_char
		_LCD_clear
		_LCD_cursor
		_LCD_initialize
		_LCD_home
		_LCD_shift
		_LCD_shift_cursor
 This function uses a non-reentrant model


 *************** function _LCD_enable_pulse *****************
 Defined at:
		line 49 in file "../LaurTec_PIC_libraries_v_3.3.0/src\LCD_44780.c"
 Parameters:    Size  Location     Type
		None
 Auto vars:     Size  Location     Type
		None
 Return value:  Size  Location     Type
		None               void
 Registers used:
		wreg, status,2, status,0, prodl, prodh, cstack
 Tracked objects:
		On entry : 
		On exit  : 
		Unchanged: 
 Data sizes:     COMRAM   BANK0   BANK1   BANK2
      Params:         0       0       0       0
      Locals:         0       0       0       0
      Temps:          0       0       0       0
      Totals:         0       0       0       0
Total ram usage:        0 bytes
 Hardware stack levels used:    1
 Hardware stack levels required when called:    6
 This function calls:
		_delay_ms
 This function is called by:
		_LCD_send_command
 This function uses a non-reentrant model


 *************** function _delay_ms *****************
 Defined at:
		line 61 in file "../LaurTec_PIC_libraries_v_3.3.0/src\delay.c"
 Parameters:    Size  Location     Type
  value_ms        2   16[BANK0 ] unsigned int 
 Auto vars:     Size  Location     Type
		None
 Return value:  Size  Location     Type
		None               void
 Registers used:
		wreg, status,2, status,0, prodl, prodh, cstack
 Tracked objects:
		On entry : 
		On exit  : 
		Unchanged: 
 Data sizes:     COMRAM   BANK0   BANK1   BANK2
      Params:         0       2       0       0
      Locals:         0       0       0       0
      Temps:          0       0       0       0
      Totals:         0       2       0       0
Total ram usage:        2 bytes
 Hardware stack levels used:    1
 Hardware stack levels required when called:    5
 This function calls:
		___wmul
 This function is called by:
		_LCD_enable_pulse
		_LCD_initialize
		_board_initialization
		_delay_s
 This function uses a non-reentrant model


 *************** function ___wmul *****************
 Defined at:
		line 15 in file "C:\Program Files (x86)\Microchip\xc8\v1.35\sources\common\Umul16.c"
 Parameters:    Size  Location     Type
  multiplier      2   24[COMRAM] unsigned int 
  multiplicand    2   26[COMRAM] unsigned int 
 Auto vars:     Size  Location     Type
  product         2   28[COMRAM] unsigned int 
 Return value:  Size  Location     Type
                  2   24[COMRAM] unsigned int 
 Registers used:
		wreg, status,2, status,0, prodl, prodh
 Tracked objects:
		On entry : 
		On exit  : 
		Unchanged: 
 Data sizes:     COMRAM   BANK0   BANK1   BANK2
      Params:         4       0       0       0
      Locals:         2       0       0       0
      Temps:          0       0       0       0
      Totals:         6       0       0       0
Total ram usage:        6 bytes
 Hardware stack levels used:    1
 Hardware stack levels required when called:    4
 This function calls:
		Nothing
 This function is called by:
		_delay_ms
		_sprintf
 This function uses a non-reentrant model


 *************** function _Joystick_Polling *****************
 Defined at:
		line 196 in file "telecomando.c"
 Parameters:    Size  Location     Type
		None
 Auto vars:     Size  Location     Type
		None
 Return value:  Size  Location     Type
		None               void
 Registers used:
		wreg, fsr2l, fsr2h, status,2, status,0, prodl, prodh
 Tracked objects:
		On entry : 
		On exit  : 
		Unchanged: 
 Data sizes:     COMRAM   BANK0   BANK1   BANK2
      Params:         0       0       0       0
      Locals:         0       0       0       0
      Temps:          1       0       0       0
      Totals:         1       0       0       0
Total ram usage:        1 bytes
 Hardware stack levels used:    1
 Hardware stack levels required when called:    4
 This function calls:
		Nothing
 This function is called by:
		_main
 This function uses a non-reentrant model


 *************** function _ISR_bassa *****************
 Defined at:
		line 106 in file "telecomando.c"
 Parameters:    Size  Location     Type
		None
 Auto vars:     Size  Location     Type
		None
 Return value:  Size  Location     Type
		None               void
 Registers used:
		wreg, status,2, status,0
 Tracked objects:
		On entry : 
		On exit  : 
		Unchanged: 
 Data sizes:     COMRAM   BANK0   BANK1   BANK2
      Params:         0       0       0       0
      Locals:         0       0       0       0
      Temps:         17       0       0       0
      Totals:        17       0       0       0
Total ram usage:       17 bytes
 Hardware stack levels used:    1
 Hardware stack levels required when called:    3
 This function calls:
		Nothing
 This function is called by:
		Interrupt level 1
 This function uses a non-reentrant model


 *************** function _ISR_alta *****************
 Defined at:
		line 91 in file "telecomando.c"
 Parameters:    Size  Location     Type
		None
 Auto vars:     Size  Location     Type
		None
 Return value:  Size  Location     Type
		None               void
 Registers used:
		wreg, fsr2l, fsr2h, status,2, status,0, cstack
 Tracked objects:
		On entry : 
		On exit  : 
		Unchanged: 
 Data sizes:     COMRAM   BANK0   BANK1   BANK2
      Params:         0       0       0       0
      Locals:         1       0       0       0
      Temps:          0      16       0       0
      Totals:         1      16       0       0
Total ram usage:       17 bytes
 Hardware stack levels used:    1
 Hardware stack levels required when called:    2
 This function calls:
		_getsUSART
 This function is called by:
		Interrupt level 2
 This function uses a non-reentrant model


 *************** function _getsUSART *****************
 Defined at:
		line 14 in file "C:\Program Files (x86)\Microchip\xc8\v1.35\sources\pic18\plib\USART\ugets.c"
 Parameters:    Size  Location     Type
  buffer          2   18[COMRAM] PTR unsigned char 
		 -> USART_Rx(7), 
  len             1   20[COMRAM] unsigned char 
 Auto vars:     Size  Location     Type
  i               1   22[COMRAM] unsigned char 
  data            1   21[COMRAM] unsigned char 
 Return value:  Size  Location     Type
		None               void
 Registers used:
		wreg, fsr2l, fsr2h, status,2, status,0, cstack
 Tracked objects:
		On entry : 
		On exit  : 
		Unchanged: 
 Data sizes:     COMRAM   BANK0   BANK1   BANK2
      Params:         3       0       0       0
      Locals:         2       0       0       0
      Temps:          0       0       0       0
      Totals:         5       0       0       0
Total ram usage:        5 bytes
 Hardware stack levels used:    1
 Hardware stack levels required when called:    1
 This function calls:
		_ReadUSART
 This function is called by:
		_ISR_alta
 This function uses a non-reentrant model


 *************** function _ReadUSART *****************
 Defined at:
		line 15 in file "C:\Program Files (x86)\Microchip\xc8\v1.35\sources\pic18\plib\USART\uread.c"
 Parameters:    Size  Location     Type
		None
 Auto vars:     Size  Location     Type
  data            1   17[COMRAM] unsigned char 
 Return value:  Size  Location     Type
                  1    wreg      unsigned char 
 Registers used:
		wreg, status,2, status,0
 Tracked objects:
		On entry : 
		On exit  : 
		Unchanged: 
 Data sizes:     COMRAM   BANK0   BANK1   BANK2
      Params:         0       0       0       0
      Locals:         1       0       0       0
      Temps:          0       0       0       0
      Totals:         1       0       0       0
Total ram usage:        1 bytes
 Hardware stack levels used:    1
 This function calls:
		Nothing
 This function is called by:
		_getsUSART
 This function uses a non-reentrant model



MODULE INFORMATION

Module		Function		Class		Link	Load	Size
C:\Program Files (x86)\Microchip\xc8\v1.35\sources\pic18\plib\USART\uopen.c
		_OpenUSART     		CODE           	2E3E	0000	97

C:\Program Files (x86)\Microchip\xc8\v1.35\sources\pic18\plib\USART\uopen.c estimated size: 97

C:\Program Files (x86)\Microchip\xc8\v1.35\sources\common\awdiv.c
		___awdiv       		CODE           	2A90	0000	191

C:\Program Files (x86)\Microchip\xc8\v1.35\sources\common\awdiv.c estimated size: 191

C:\Program Files (x86)\Microchip\xc8\v1.35\sources\common\isdigit.c
		_isdigit       		CODE           	31DC	0000	31

C:\Program Files (x86)\Microchip\xc8\v1.35\sources\common\isdigit.c estimated size: 31

C:\Program Files (x86)\Microchip\xc8\v1.35\sources\common\sprcadd.c
		___flsub       		CODE           	2EF0	0000	73
		___fladd       		CODE           	0C48	0000	1193

C:\Program Files (x86)\Microchip\xc8\v1.35\sources\common\sprcadd.c estimated size: 1266

C:\Program Files (x86)\Microchip\xc8\v1.35\sources\common\flneg.c
		___flneg       		CODE           	30C2	0000	47

C:\Program Files (x86)\Microchip\xc8\v1.35\sources\common\flneg.c estimated size: 47

C:\Program Files (x86)\Microchip\xc8\v1.35\sources\common\xxtofl.c
		___xxtofl      		CODE           	1F1C	0000	463

C:\Program Files (x86)\Microchip\xc8\v1.35\sources\common\xxtofl.c estimated size: 463

C:\Program Files (x86)\Microchip\xc8\v1.35\sources\pic18\plib\USART\uread.c
		_ReadUSART     		CODE           	31FA	0000	31

C:\Program Files (x86)\Microchip\xc8\v1.35\sources\pic18\plib\USART\uread.c estimated size: 31

telecomando.c
		_main          		CODE           	1CE6	0000	567
		_board_initialization		CODE           	2BFE	0000	167
		_Joystick_Polling		CODE           	2F38	0000	73
		_ISR_bassa     		CODE           	0018	0000	169
		_USART_Send    		CODE           	3092	0000	49
		_LCD_Handler   		CODE           	26A4	0000	279
		_ISR_alta      		CODE           	0008	0000	237

telecomando.c estimated size: 1541

C:\Program Files (x86)\Microchip\xc8\v1.35\sources\pic18\plib\USART\uputs.c
		_putsUSART     		CODE           	3148	0000	39

C:\Program Files (x86)\Microchip\xc8\v1.35\sources\pic18\plib\USART\uputs.c estimated size: 39

C:\Program Files (x86)\Microchip\xc8\v1.35\sources\common\doprnt.c
		_scale         		CODE           	1596	0000	1179
		_sprintf       		CODE           	03EC	0000	2141
		_fround        		CODE           	1A30	0000	695

C:\Program Files (x86)\Microchip\xc8\v1.35\sources\common\doprnt.c estimated size: 4015

C:\Program Files (x86)\Microchip\xc8\v1.35\sources\common\llmod.c
		___llmod       		CODE           	2D3A	0000	149

C:\Program Files (x86)\Microchip\xc8\v1.35\sources\common\llmod.c estimated size: 149

C:\Program Files (x86)\Microchip\xc8\v1.35\sources\pic18\plib\USART\ugets.c
		_getsUSART     		CODE           	311C	0000	45

C:\Program Files (x86)\Microchip\xc8\v1.35\sources\pic18\plib\USART\ugets.c estimated size: 45

shared
		__powers_      		SMALLCONST     	0335	0000	53
		_dpowers       		SMALLCONST     	0369	0000	41
		__npowers_     		SMALLCONST     	0301	0000	53
		__initialization		CODE           	2F80	0000	57

shared estimated size: 204

C:\Program Files (x86)\Microchip\xc8\v1.35\sources\pic18\plib\USART\uwrite.c
		_WriteUSART    		CODE           	3218	0000	19

C:\Program Files (x86)\Microchip\xc8\v1.35\sources\pic18\plib\USART\uwrite.c estimated size: 19

C:\Program Files (x86)\Microchip\xc8\v1.35\sources\common\awmod.c
		___awmod       		CODE           	2DCE	0000	113

C:\Program Files (x86)\Microchip\xc8\v1.35\sources\common\awmod.c estimated size: 113

C:\Program Files (x86)\Microchip\xc8\v1.35\sources\common\sprcmul.c
		___flmul       		CODE           	10F0	0000	1191

C:\Program Files (x86)\Microchip\xc8\v1.35\sources\common\sprcmul.c estimated size: 1191

../LaurTec_PIC_libraries_v_3.3.0/src\delay.c
		_delay_set_quartz		CODE           	3238	0000	9
		_delay_ms      		CODE           	3060	0000	51

../LaurTec_PIC_libraries_v_3.3.0/src\delay.c estimated size: 60

C:\Program Files (x86)\Microchip\xc8\v1.35\sources\common\ftdivl.c
		__tdiv_to_l_   		CODE           	20EA	0000	403

C:\Program Files (x86)\Microchip\xc8\v1.35\sources\common\ftdivl.c estimated size: 403

../LaurTec_PIC_libraries_v_3.3.0/src\LCD_44780.c
		_LCD_clear     		CODE           	302E	0000	51
		_LCD_cursor    		CODE           	2FFC	0000	51
		_LCD_goto_line 		CODE           	28C6	0000	237
		_LCD_write_string		CODE           	316E	0000	39
		_LCD_enable_pulse		CODE           	31BA	0000	35
		_LCD_write_message		CODE           	30F0	0000	45
		_LCD_write_char		CODE           	2CA4	0000	151
		_LCD_send_command		CODE           	2FC6	0000	55
		_LCD_initialize		CODE           	227C	0000	367
		_LCD_backlight 		CODE           	322A	0000	15

../LaurTec_PIC_libraries_v_3.3.0/src\LCD_44780.c estimated size: 1046

C:\Program Files (x86)\Microchip\xc8\v1.35\sources\common\lwdiv.c
		___lwdiv       		CODE           	2E9E	0000	83

C:\Program Files (x86)\Microchip\xc8\v1.35\sources\common\lwdiv.c estimated size: 83

C:\Program Files (x86)\Microchip\xc8\v1.35\sources\common\fltol.c
		___fltol       		CODE           	27BA	0000	269

C:\Program Files (x86)\Microchip\xc8\v1.35\sources\common\fltol.c estimated size: 269

C:\Program Files (x86)\Microchip\xc8\v1.35\sources\common\Umul16.c
		___wmul        		CODE           	3194	0000	39

C:\Program Files (x86)\Microchip\xc8\v1.35\sources\common\Umul16.c estimated size: 39

C:\Program Files (x86)\Microchip\xc8\v1.35\sources\common\lldiv.c
		___lldiv       		CODE           	2B4E	0000	177

C:\Program Files (x86)\Microchip\xc8\v1.35\sources\common\lldiv.c estimated size: 177

C:\Program Files (x86)\Microchip\xc8\v1.35\sources\common\fldivl.c
		__div_to_l_    		CODE           	23EA	0000	351

C:\Program Files (x86)\Microchip\xc8\v1.35\sources\common\fldivl.c estimated size: 351

C:\Program Files (x86)\Microchip\xc8\v1.35\sources\common\flge.c
		___flge        		CODE           	2548	0000	349

C:\Program Files (x86)\Microchip\xc8\v1.35\sources\common\flge.c estimated size: 349

